{"time": "2026-09-25T14:45:05Z", "stage": "fold_start", "fold": "train", "anchors": 30, "true_links": 48}
{"time": "2026-09-25T14:45:05Z", "fold": "train", "stage": "target_cache_shard", "shard": 0, "rows": 20}
{"time": "2026-09-25T14:45:05Z", "fold": "train", "stage": "target_cache_shard", "shard": 1, "rows": 10}
{"time": "2026-09-25T14:45:05Z", "fold": "train", "stage": "retrieval_shard_complete", "completed_shards": 1, "total_shards": 2, "target_source": "S2"}
{"time": "2026-09-25T14:45:05Z", "fold": "train", "stage": "retrieval_shard_complete", "completed_shards": 2, "total_shards": 2, "target_source": "S2"}
{"time": "2026-09-25T14:45:05Z", "fold": "train", "stage": "target_cache_shard", "shard": 0, "rows": 20}
{"time": "2026-09-25T14:45:05Z", "fold": "train", "stage": "target_cache_shard", "shard": 1, "rows": 10}
{"time": "2026-09-25T14:45:05Z", "fold": "train", "stage": "retrieval_shard_complete", "completed_shards": 1, "total_shards": 2, "target_source": "S3"}
{"time": "2026-09-25T14:45:05Z", "fold": "train", "stage": "retrieval_shard_complete", "completed_shards": 2, "total_shards": 2, "target_source": "S3"}
{"time": "2026-09-25T14:45:05Z", "stage": "candidates_complete", "fold": "train"}
{"time": "2026-09-25T14:45:05Z", "stage": "features_complete", "fold": "train", "shape": [470, 71]}
{"time": "2026-09-25T14:45:05Z", "stage": "fold_start", "fold": "calibration", "anchors": 30, "true_links": 48}
{"time": "2026-09-25T14:45:05Z", "fold": "calibration", "stage": "target_cache_shard", "shard": 0, "rows": 20}
{"time": "2026-09-25T14:45:05Z", "fold": "calibration", "stage": "target_cache_shard", "shard": 1, "rows": 10}
{"time": "2026-09-25T14:45:05Z", "fold": "calibration", "stage": "retrieval_shard_complete", "completed_shards": 1, "total_shards": 2, "target_source": "S2"}
{"time": "2026-09-25T14:45:05Z", "fold": "calibration", "stage": "retrieval_shard_complete", "completed_shards": 2, "total_shards": 2, "target_source": "S2"}
{"time": "2026-09-25T14:45:05Z", "fold": "calibration", "stage": "target_cache_shard", "shard": 0, "rows": 20}
{"time": "2026-09-25T14:45:05Z", "fold": "calibration", "stage": "target_cache_shard", "shard": 1, "rows": 10}
{"time": "2026-09-25T14:45:05Z", "fold": "calibration", "stage": "retrieval_shard_complete", "completed_shards": 1, "total_shards": 2, "target_source": "S3"}
{"time": "2026-09-25T14:45:05Z", "fold": "calibration", "stage": "retrieval_shard_complete", "completed_shards": 2, "total_shards": 2, "target_source": "S3"}
{"time": "2026-09-25T14:45:05Z", "stage": "candidates_complete", "fold": "calibration"}
{"time": "2026-09-25T14:45:05Z", "stage": "features_complete", "fold": "calibration", "shape": [540, 71]}
{"time": "2026-09-25T14:45:05Z", "stage": "models_trained", "models": ["linear", "xgboost"]}
{"time": "2026-09-25T14:45:05Z", "stage": "calibration_complete", "selected_model": "xgboost", "decisions": {"linear": {"n_entities": 30, "macro_f0_5": 1.0, "precision": 1.0, "recall": 1.0, "micro_f0_5": 1.0, "true_positives": 48, "false_positives": 0, "false_negatives": 0, "true_links": 48, "predicted_links": 48, "singleton_count": 6, "correct_singletons": 6, "false_singleton_merges": 0, "singleton_accuracy": 1.0, "avg_predicted_matches_per_s1": 1.6, "false_positives_per_s1": 0.0, "false_negatives_per_s1": 0.0, "threshold": 0.994, "selection_partition": "calibration", "thresholds_evaluated": 125, "threshold_strategy": "coarse grid plus local .001 refinement"}, "xgboost": {"n_entities": 30, "macro_f0_5": 1.0, "precision": 1.0, "recall": 1.0, "micro_f0_5": 1.0, "true_positives": 48, "false_positives": 0, "false_negatives": 0, "true_links": 48, "predicted_links": 48, "singleton_count": 6, "correct_singletons": 6, "false_singleton_merges": 0, "singleton_accuracy": 1.0, "avg_predicted_matches_per_s1": 1.6, "false_positives_per_s1": 0.0, "false_negatives_per_s1": 0.0, "threshold": 0.557, "selection_partition": "calibration", "thresholds_evaluated": 135, "threshold_strategy": "coarse grid plus local .001 refinement"}}}
{"time": "2026-09-25T14:45:05Z", "stage": "fold_start", "fold": "validation", "anchors": 30, "true_links": 48}
{"time": "2026-09-25T14:45:05Z", "fold": "validation", "stage": "target_cache_shard", "shard": 0, "rows": 20}
{"time": "2026-09-25T14:45:05Z", "fold": "validation", "stage": "target_cache_shard", "shard": 1, "rows": 10}
{"time": "2026-09-25T14:45:05Z", "fold": "validation", "stage": "retrieval_shard_complete", "completed_shards": 1, "total_shards": 2, "target_source": "S2"}
{"time": "2026-09-25T14:45:05Z", "fold": "validation", "stage": "retrieval_shard_complete", "completed_shards": 2, "total_shards": 2, "target_source": "S2"}
{"time": "2026-09-25T14:45:05Z", "fold": "validation", "stage": "target_cache_shard", "shard": 0, "rows": 20}
{"time": "2026-09-25T14:45:05Z", "fold": "validation", "stage": "target_cache_shard", "shard": 1, "rows": 10}
{"time": "2026-09-25T14:45:05Z", "fold": "validation", "stage": "retrieval_shard_complete", "completed_shards": 1, "total_shards": 2, "target_source": "S3"}
{"time": "2026-09-25T14:45:05Z", "fold": "validation", "stage": "retrieval_shard_complete", "completed_shards": 2, "total_shards": 2, "target_source": "S3"}
{"time": "2026-09-25T14:45:05Z", "stage": "candidates_complete", "fold": "validation"}
{"time": "2026-09-25T14:45:05Z", "stage": "features_complete", "fold": "validation", "shape": [540, 71]}
{"time": "2026-09-25T14:45:05Z", "stage": "experiment_complete", "status": "COMPLETE", "selected_model": "xgboost", "calibration": {"linear": {"n_entities": 30, "macro_f0_5": 1.0, "precision": 1.0, "recall": 1.0, "micro_f0_5": 1.0, "true_positives": 48, "false_positives": 0, "false_negatives": 0, "true_links": 48, "predicted_links": 48, "singleton_count": 6, "correct_singletons": 6, "false_singleton_merges": 0, "singleton_accuracy": 1.0, "avg_predicted_matches_per_s1": 1.6, "false_positives_per_s1": 0.0, "false_negatives_per_s1": 0.0, "threshold": 0.994, "selection_partition": "calibration", "thresholds_evaluated": 125, "threshold_strategy": "coarse grid plus local .001 refinement"}, "xgboost": {"n_entities": 30, "macro_f0_5": 1.0, "precision": 1.0, "recall": 1.0, "micro_f0_5": 1.0, "true_positives": 48, "false_positives": 0, "false_negatives": 0, "true_links": 48, "predicted_links": 48, "singleton_count": 6, "correct_singletons": 6, "false_singleton_merges": 0, "singleton_accuracy": 1.0, "avg_predicted_matches_per_s1": 1.6, "false_positives_per_s1": 0.0, "false_negatives_per_s1": 0.0, "threshold": 0.557, "selection_partition": "calibration", "thresholds_evaluated": 135, "threshold_strategy": "coarse grid plus local .001 refinement"}}, "validation": {"linear": {"n_entities": 30, "macro_f0_5": 1.0, "precision": 1.0, "recall": 1.0, "micro_f0_5": 1.0, "true_positives": 48, "false_positives": 0, "false_negatives": 0, "true_links": 48, "predicted_links": 48, "singleton_count": 6, "correct_singletons": 6, "false_singleton_merges": 0, "singleton_accuracy": 1.0, "avg_predicted_matches_per_s1": 1.6, "false_positives_per_s1": 0.0, "false_negatives_per_s1": 0.0, "threshold": 0.994}, "xgboost": {"n_entities": 30, "macro_f0_5": 1.0, "precision": 1.0, "recall": 1.0, "micro_f0_5": 1.0, "true_positives": 48, "false_positives": 0, "false_negatives": 0, "true_links": 48, "predicted_links": 48, "singleton_count": 6, "correct_singletons": 6, "false_singleton_merges": 0, "singleton_accuracy": 1.0, "avg_predicted_matches_per_s1": 1.6, "false_positives_per_s1": 0.0, "false_negatives_per_s1": 0.0, "threshold": 0.557}}, "runtime_seconds": 0.4844329820000439, "scope": "sampled anchors against entire fold target pools", "public_leaderboard_comparable": false, "caveats": ["Training data has no France examples; target test distribution differs.", "Pilot validation is sampled, not the full holdout."]}
